2.1. Preguntas
1- ¿Qué es un branch?
Se desarrola funciones o llegar a corregir erroes sin que el codigo main cambie
2- ¿Por qué pueden ser útiles los branches?
Para poder trabajar en equipo, organizarte y poder probar cosas nuevas
3- ¿Cómo se crea una branch?
git branch (poner el nombre de la rama)
4- ¿Cómo se cambia a una branch?
git checkout (nombre de la rama)
5- ¿Cómo se elimina una branch?
git branch -d (nombre de la rama)
6- ¿Cómo se crea una branch y se cambia a ella en un solo paso?
git chechout -b (nombre de la rama)
7- ¿Qué es un merge?
Se une dos ramas difernetes a una sola rama
8- ¿Cómo se realiza un merge?
Pones en la rama donde quieres los cambios y el comando es git merge (nombre de la rama nueva)
9- ¿Que es un tag?
Es para marcar cosas importantes como versiones
10- ¿Cómo se crea un tag?
git tag -a nombre de la tag -m

2.2 Practico
1- crear un branch
git branch ejercicio2_HugoPerezhp_github main
2- Moverse al branch
PS C:\Users\formacion\Desktop\Hp> git checkout ejercicio2_HugoPerezhp_github
src/ejercicios/1.commit/hugo_perez.txt
src/ejercicios/2.branchs/Hugo_perez.txt
Already on 'ejercicio2_HugoPerezhp_github'
4- Agregar condimentos
PS C:\Users\formacion\Desktop\Hp> git commit -m "Se agrego nuevo engridente"
[ejercicio2_HugoPerezhp_github 2b24e1e] Se agrego nuevo engridente
 3 files changed, 109 insertions(+)
 create mode 100644 src/ejercicios/1.commit/hugo_perez.txt
 create mode 100644 src/ejercicios/2.branchs/Hugo_perez.txt
 5-Agregar oregano
 PS C:\Users\formacion\Desktop\Hp> git commit -m "Se agrego oregano en pizza"
 [ejercicio2_HugoPerezhp_github 2c833d8] Se agrego oregano en pizza
  2 files changed, 7 insertions(+)
5- Correr el comando git graph y observar el resultado. ¿Qué observa?
Veo como un historial de los commit y de las cosas que he borrado o creado
6- Quedate en la branch
PS C:\Users\formacion\Desktop\Hp> git branch
  ejercicio1_Hugoperezhp_github
* ejercicio2_HugoPerezhp_github
  main
7- Crear branch
PS C:\Users\formacion\Desktop\Hp> git checkout -b anana
Switched to a new branch 'anana'
8- Agregar commit
PS C:\Users\formacion\Desktop\Hp> git commit -m "Se agrego anana debajo del queso"
[anana e4b660c] Se agrego anana debajo del queso
 2 files changed, 16 insertions(+), 1 deletion(-)
9- Correr el comando git graph y observar el resultado. ¿Qué observa?
observo todas los m¡commit o cosas creadas pero mucho mas extendido
10- Agregar cebolla
PS C:\Users\formacion\Desktop\Hp> git commit -m "Agregue cebolla debajo de la salsa"
[ejercicio2_HugoPerezhp_github 1d051c6] Agregue cebolla debajo de la salsa
2 files changed, 21 insertions(+), 1 deletion(-)
11- Correr el comando git graph y observar el resultado. ¿Qué observa?
Veo en que rama estoy y lo que he cambiado y he guardado
11-