<<<<<<< HEAD
# 3. Conflicts

Para este ejercicio, se debe crear un archivo `nombre_apellido.txt`, dentro de la carpeta `1.commit`.

En este archivo, se va a guardar las respuestas teóricas y algunos resultados de los mismos.

=======
>>>>>>> suprema
## Ejercicio 3

### 3.1. Preguntas

1. ¿Qué es un conflicto? Cuando ocurre? ¿Es bueno o malo?
<<<<<<< HEAD

Un conflicto es cuando hay dos personas trabajando al mismo tiempo
2. ¿Se puede evitar un conflicto? ¿Cómo?
Se puede evitar creando ramas aparte
3.1 PRACTICO
1 y 2 Con este comando creamos la rama y nos movemos a ella.

C:\Users\1SMR.FT10DELOITTE04\IdeaProjects\StartING2>git branch ejercicio3_vuestro_Manuel_Morillo_github
fatal: a branch named 'ejercicio3_vuestro_Manuel_Morillo_github' already exists

3 Estamos trabajando en la rama actual.
=======
Es cuando dos personas estan trabajando en la misma rama es malo ya que se puede perder informacion
2. ¿Se puede evitar un conflicto? ¿Cómo?
Si se puede evitar creando ramas aparte en vez de trabajara en una misma.

3.2 Practico
1 y 2:Estos comandos son para crear la rama y moverse a ella

C:\Users\1SMR.FT10DELOITTE04\IdeaProjects\StartING2>git branch ejercicio3_vuestro_Manuel_Morillo_github

C:\Users\1SMR.FT10DELOITTE04\IdeaProjects\StartING2> git switch ejercicio3_vuestro_Manuel_Morillo_github
A       src/ejercicios/3.conflicts/Manuel_Morillo3
Switched to branch 'ejercicio3_vuestro_Manuel_Morillo_github'

C:\Users\1SMR.FT10DELOITTE04\IdeaProjects\StartING2>
3 Este comando es para verificar que esta creada la rama
>>>>>>> suprema

C:\Users\1SMR.FT10DELOITTE04\IdeaProjects\StartING2>git branch
  anana
  ejercicio1_vuestro_Manuel-tech0_github
  ejercicio1_vuestro_Manuel_Morillo_github
  ejercicio1_vuestro_usuario_github
  ejercicio2_vuestro_Manuel_Morillo.txt2
  ejercicio2_vuestro_Manuel_Morillo2_github
* ejercicio3_vuestro_Manuel_Morillo_github
  main
<<<<<<< HEAD
  suprema

C:\Users\1SMR.FT10DELOITTE04\IdeaProjects\StartING2>

4 Con este comando creamos la carpeta.

C:\Users\1SMR.FT10DELOITTE04\IdeaProjects\StartING2>mkdir 3.conflicts

C:\Users\1SMR.FT10DELOITTE04\IdeaProjects\StartING2>echo. > 3.conflicts\Manuel_Morillo.txt

C:\Users\1SMR.FT10DELOITTE04\IdeaProjects\StartING2>

5 Ya la he creado anteriormente y este seria el comando que he utilizado.

C:\Users\1SMR.FT10DELOITTE04\IdeaProjects\StartING2>git checkout -b suprema
fatal: a branch named 'suprema' already exists

C:\Users\1SMR.FT10DELOITTE04\IdeaProjects\StartING2>

6


7 Con este comando se te abrira el bloc de notas y tendras que cambiar el lomo por pollo

C:\Users\1SMR.FT10DELOITTE04\IdeaProjects\StartING2>notepad src\ejercicios\3.conflicts\milanesa.txt

C:\Users\1SMR.FT10DELOITTE04\IdeaProjects\StartING2>

8Con este comando se comitea


C:\Users\1SMR.FT10DELOITTE04\IdeaProjects\StartING2> git commit -m "Cambiar lomo por pollo en milanes.txt"
[ejercicio3_vuestro_Manuel_Morillo_github 83355e0] Cambiar lomo por pollo en milanes.txt
 1 file changed, 10 insertions(+)

9 Con este comando nos moveremos a la rama que queremos pero he ejecutado otro el cual guarda la informacion antes de cambiar de rama


10Con este comando he creado una nueva rama  llamada bife

C:\Users\1SMR.FT10DELOITTE04\IdeaProjects\StartING2>git checkout -b bife
Switched to a new branch 'bife'

C:\Users\1SMR.FT10DELOITTE04\IdeaProjects\StartING2>

11 Me he movido a la nueva rama con este comando

C:\Users\1SMR.FT10DELOITTE04\IdeaProjects\StartING2>git checkout

C:\Users\1SMR.FT10DELOITTE04\IdeaProjects\StartING2>

12 Con este comando cambias la milanesa por el bife

C:\Users\1SMR.FT10DELOITTE04\IdeaProjects\StartING2>notepad src\ejercicios\3.conflicts\milanesa.txt

C:\Users\1SMR.FT10DELOITTE04\IdeaProjects\StartING2>

13 Con este comando directamente haremos dos a la vez nos moveremos de rama y guardaremos la anterior
C:\Users\1SMR.FT10DELOITTE04\IdeaProjects\StartING2>notepad src\ejercicios\3.conflicts\milanesa.txt

C:\Users\1SMR.FT10DELOITTE04\IdeaProjects\StartING2>git diff ejercicio3_vuestro_Manuel_Morillo_github bife
diff --git a/src/ejercicios/3.conflicts/Manuel_Morillo3 b/src/ejercicios/3.conflicts/Manuel_Morillo3
index a96fa32..ee0d91c 100644
--- a/src/ejercicios/3.conflicts/Manuel_Morillo3
+++ b/src/ejercicios/3.conflicts/Manuel_Morillo3
@@ -64,3 +64,15 @@ C:\Users\1SMR.FT10DELOITTE04\IdeaProjects\StartING2>
 C:\Users\1SMR.FT10DELOITTE04\IdeaProjects\StartING2> git commit -m "Cambiar lomo por pollo en milanes.txt"
 [ejercicio3_vuestro_Manuel_Morillo_github 83355e0] Cambiar lomo por pollo en milanes.txt
  1 file changed, 10 insertions(+)
+
+9 Con este comando nos moveremos a la rama que queremos pero he ejecutado otro el cual guarda la informacion antes de cambiar de rama
+
:
14 Con este comando estaras en el commit correcto.

C:\Users\1SMR.FT10DELOITTE04\IdeaProjects\StartING2> git commit -m "Cambiar lomo por bife en milanesa.txt y actualizar conflicto"
[bife 51a2ba3] Cambiar lomo por bife en milanesa.txt y actualizar conflicto
 2 files changed, 31 insertions(+), 2 deletions(-)

C:\Users\1SMR.FT10DELOITTE04\IdeaProjects\StartING2>
C:\Users\1SMR.FT10DELOITTE04\IdeaProjects\StartING2>

15 Intenta traer los cambios de la anterior con la nueva

C:\Users\1SMR.FT10DELOITTE04\IdeaProjects\StartING2>git merge bife
Already up to date.

C:\Users\1SMR.FT10DELOITTE04\IdeaProjects\StartING2>


16 Con este comando  se fusina la rama suprema con la nueva que es la bife
=======

C:\Users\1SMR.FT10DELOITTE04\IdeaProjects\StartING2> git merge suprema
Already up to date.

C:\Users\1SMR.FT10DELOITTE04\IdeaProjects\StartING2>

17 Se observa que la rama esta limpia.

C:\Users\1SMR.FT10DELOITTE04\IdeaProjects\StartING2>git status
On branch bife
nothing to commit, working tree clean

C:\Users\1SMR.FT10DELOITTE04\IdeaProjects\StartING2>

18 Con este comando te muestra lo que tiene el archivo

C:\Users\1SMR.FT10DELOITTE04\IdeaProjects\StartING2> type src\ejercicios\3.conflicts\milanesa.txt
pan rallado
bife
C:\Users\1SMR.FT10DELOITTE04\IdeaProjects\StartING2>

19 Con el comando que nos da tambien se puede hacer pero yo lo hice mediante un commit pero en realidad git merge abort es el mejor y mas corto

C:\Users\1SMR.FT10DELOITTE04\IdeaProjects\StartING2>git commit -m "Resolver conflicto con suprema"
[bife daf9642] Resolver conflicto con suprema

20 Hice de nuevo este comando

C:\Users\1SMR.FT10DELOITTE04\IdeaProjects\StartING2>git merge suprema
Already up to date.

C:\Users\1SMR.FT10DELOITTE04\IdeaProjects\StartING2>

21  Ya esta resolvido ya que hice el commit anteriormente

C:\Users\1SMR.FT10DELOITTE04\IdeaProjects\StartING2>git commit -m "Resolver conflicto con suprema"
[bife daf9642] Resolver conflicto con suprema
