¿Cómo se inicializa un repositorio local? (que comando se debe ejecutar?)
Tienes  que crear una carpeta para tu proyecto y abres la terminal en esa carpeta y pones el comando git init

 ¿Cómo hago para que un directorio deje de ser controlado por git? (que comando se debe ejecutar?)
Debo de utilizar el siguiente comando git rm --cached -r
. Si agrego un archivo a un directorio que ya está siendo controlado por git, ¿está siendo controlado por git?
No tiene porque ya que para que esre controlado tendrias que poner tu mismo  un comando.

¿Qué comando se utiliza para agregar un archivo al repositorio local?
 Se utilizan dos comandos git add para preparar el archivo y luego git commit para guardarlo permanentemente en el repositorio local

 Cómo determino que archivos fueron modificados? (que comando se debe ejecutar?)
 Con git status ves los archivos organizados por colores y cuales fueron modificados.

 ¿Qué comando se utiliza para hacer un commit?
  se utiliza el comando git commit -m esa -m funcona para poner  la descripcion que quieras.

  En sus propias palabras, ¿qué es un commit?
  Un commit es una descripcion de un proyecto tiene que ser detllaada ya que es muy importante tanto para ti como los demas a la hora de traabajar.
  Esto es la explicacion del ejercicio 5 ya que la salida del comando  estan todos los datos guardados.
  C:\Users\1SMR.FT10DELOITTE04\IdeaProjects\StartING2>git status
  On branch main
  Your branch is ahead of 'origin/main' by 2 commits.
    (use "git push" to publish your local commits)

  nothing to commit, working tree clean

  C:\Users\1SMR.FT10DELOITTE04\IdeaProjects\StartING2>


git add sandwich.txt
fatal: pathspec 'sandwich.txt' did not match any files

C:\Users\1SMR.FT10DELOITTE04\IdeaProjects\StartING2>git add 1.commit/sandwich.txt
fatal: pathspec '1.commit/sandwich.txt' did not match any files

C:\Users\1SMR.FT10DELOITTE04\IdeaProjects\StartING2>cd src\ejercicios

C:\Users\1SMR.FT10DELOITTE04\IdeaProjects\StartING2\src\ejercicios>git add 1.commit/sandwich.txt

C:\Users\1SMR.FT10DELOITTE04\IdeaProjects\StartING2\src\ejercicios>git status
On branch main
Your branch is ahead of 'origin/main' by 2 commits.
  (use "git push" to publish your local commits)

Changes to be committed:
  (use "git restore --staged <file>..." to unstage)
        modified:   1.commit/`Manuel_Morillo.txt

Todos los comandos que utilizado para agregar el sandwich ya que tenia que ir a la otr carpeta porque no era esta .
C:\Users\1SMR.FT10DELOITTE04\IdeaProjects\StartING2\src\ejercicios>git commit -m "Agrego sandwich
[main b54649e] Agrego sandwich
 1 file changed, 9 insertions(+), 1 deletion(-)

C:\Users\1SMR.FT10DELOITTE04\IdeaProjects\StartING2\src\ejercicios>git status
On branch main
Your branch is ahead of 'origin/main' by 3 commits.
  (use "git push" to publish your local commits)

nothing to commit, working tree clean

C:\Users\1SMR.FT10DELOITTE04\IdeaProjects\StartING2\src\ejercicios>


C:\Users\1SMR.FT10DELOITTE04\IdeaProjects\StartING2\src\ejercicios>git commit-m "Agrego mi sandwich.txt"
git: 'commit-m' is not a git command. See 'git --help'.

The most similar command is
        commit-tree

Pasa lo mismo que el anterior tendremos que realizar la misma tarea.
