# 1. Commits

Para el primer ejercicio, se debe crear un archivo `nombre_apellido.txt`, dentro de la carpeta `1.commit`.

En este archivo, se va a guardar las respuestas teóricas y algunos resultados de los mismos.

## Ejercicio 1

### 1.1. Preguntas

1. ¿Cómo se inicializa un repositorio local? (que comando se debe ejecutar?)
2. ¿Cómo hago para que un directorio deje de ser controlado por git? (que comando se debe ejecutar?)
3. Si agrego un archivo a un directorio que ya está siendo controlado por git, ¿está siendo controlado por git?
4. ¿Qué comando se utiliza para agregar un archivo al repositorio local?
5. ¿Cómo determino que archivos fueron modificados? (que comando se debe ejecutar?)
6. ¿Qué comando se utiliza para hacer un commit?
7. En sus propias palabras, ¿qué es un commit?

### 1.2. Ejercicio Práctico

$ git branch marcosgarrido1
$ git checkout marcosgarrido1
A       src/ejercicios/1.commit/marcosgarrido1.txt
Switched to branch 'marcosgarrido1'

$ git branch
  main
* marcosgarrido1

$ notepad 1.commit/sandwich.txt

$ git add 1.commit/marcosgarrido1.txt

1SMR@FT10Deloitte10 MINGW64 ~/IdeaProjects/StartING/src/ejercicios (marcosgarrido1)
$ git commit -m "Agrego cambios al sandwich"
[marcosgarrido1 f474ab3] Agrego cambios al sandwich
 1 file changed, 6 insertions(+)

1SMR@FT10Deloitte10 MINGW64 ~/IdeaProjects/StartING/src/ejercicios (marcosgarrido1)
$ git status
On branch marcosgarrido1
nothing to commit, working tree clean

$ notepad 1.commit/sandwich.txt

$ git add 1.commit/sandwich.txt

$ git commit -m "Agrego salsas"
[marcosgarrido1 b6443de] Agrego salsas
 1 file changed, 4 insertions(+), 1 deletion(-)

$ git log --oneline
b6443de (HEAD -> marcosgarrido1) Agrego salsas
f474ab3 Agrego cambios al sandwich
a9f082c Agrego cambios al sandwich
1d607d2 Agrego mi sandwich.txt

